# covariates_rich [candidate] base=main

$ covariates/b_rich: bash /Users/geirksa_1_2_3/ai/special-purpose vaults/ReprodicbleAgenticAiCase/analysis/03_models/03_candidate/a_hierNB/02_covariates/b_rich/run.sh
covariates/b_rich[covariates_rich]: 3 covariates x 3 lags = 9 columns; missing values {'rainfall': 0, 'mean_temperature': 0, 'mean_relative_humidity': 0} -> /Users/geirksa_1_2_3/ai/special-purpose vaults/ReprodicbleAgenticAiCase/analysis/03_models/03_candidate/a_hierNB/02_covariates/b_rich/results/covariates_rich

$ family/c_ensemble: bash /Users/geirksa_1_2_3/ai/special-purpose vaults/ReprodicbleAgenticAiCase/analysis/03_models/03_candidate/c_ensemble/run.sh
weighting/a_equal[covariates_rich]: equal weights, nothing estimated; 6 members at 0.167 each, 4 of them required baselines -> /Users/geirksa_1_2_3/ai/special-purpose vaults/ReprodicbleAgenticAiCase/analysis/03_models/03_candidate/c_ensemble/01_weighting/a_equal/results/covariates_rich
  a_hierNB: assembling its configuration under 'covariates_rich'
    01_observation: ['c_hurdle'] already chosen under 'main'
    02_covariates: ['b_rich'] already chosen under 'covariates_rich'
    03_population: ['a_offset'] already chosen under 'main'
    04_fitTime: ['a_trainOnly'] already chosen under 'main'
    05_autoregressive: ['a_none'] already chosen under 'main'
    06_yearVariance: ['b_provinceScaled'] already chosen under 'main'
    candidate[covariates_rich]: {'observation': 'c_hurdle', 'covariates': 'b_rich', 'population': 'a_offset', 'fit_time': 'a_trainOnly', 'autoregressive': 'a_none', 'year_variance': 'b_provinceScaled'}, covariates ['rainfall', 'mean_temperature', 'mean_relative_humidity'], seed 849487747; taken here: ['covariates=b_rich'] -> /Users/geirksa_1_2_3/ai/special-purpose vaults/ReprodicbleAgenticAiCase/analysis/03_models/03_candidate/a_hierNB/results/covariates_rich
  b_boosted: assembling its configuration under 'covariates_rich'
    01_features: ['a_lagBlock'] already chosen under 'main'
    02_head: ['a_negBinomial'] already chosen under 'main'
    boosted[covariates_rich]: {'features': 'a_lagBlock', 'head': 'a_negBinomial'}, covariates ['rainfall', 'mean_temperature', 'mean_relative_humidity'], seed 1877199108; taken here: [] -> /Users/geirksa_1_2_3/ai/special-purpose vaults/ReprodicbleAgenticAiCase/analysis/03_models/03_candidate/b_boosted/results/covariates_rich
ensemble members[covariates_rich]: 4 — persistence, climatology, hier_nb, boosted; covariates ['rainfall', 'mean_temperature', 'mean_relative_humidity'] -> /Users/geirksa_1_2_3/ai/special-purpose vaults/ReprodicbleAgenticAiCase/analysis/03_models/03_candidate/c_ensemble/results/covariates_rich/members.json; not on this combination's path: ['analysis/03_models/01_baselines/01_persistence/b_negBinomialFloor/scripts/persistence_model', 'analysis/03_models/01_baselines/02_climatology/b_frozenWindow/scripts/climatology_model']
ensemble[covariates_rich]: {'weighting': 'a_equal'}, 4 members, covariates ['rainfall', 'mean_temperature', 'mean_relative_humidity'], seed 1648567750; taken here: ['weighting=a_equal'] -> /Users/geirksa_1_2_3/ai/special-purpose vaults/ReprodicbleAgenticAiCase/analysis/03_models/03_candidate/c_ensemble/results/covariates_rich
ensemble[covariates_rich]: 62 s (7.7 s/split) -> /Users/geirksa_1_2_3/ai/special-purpose vaults/ReprodicbleAgenticAiCase/analysis/03_models/03_candidate/c_ensemble/results/covariates_rich
pool check[covariates_rich]: 18.638 as run; reconstruction not done, no stored evaluation of ['hier_nb'] under the configuration the pool gave them -> /Users/geirksa_1_2_3/ai/special-purpose vaults/ReprodicbleAgenticAiCase/analysis/03_models/03_candidate/c_ensemble/results/covariates_rich/pool_check.json

$ collect: bash /Users/geirksa_1_2_3/ai/special-purpose vaults/ReprodicbleAgenticAiCase/analysis/04_score/01_collect/run.sh
collect[covariates_rich]: 8 model rows, 2968 cells, 16 locations -> /Users/geirksa_1_2_3/ai/special-purpose vaults/ReprodicbleAgenticAiCase/analysis/04_score/01_collect/results/covariates_rich; inherited from main: ['climatology', 'persistence', 'reference', 'reference_r1', 'reference_r2', 'reference_r3', 'reference_r4']

$ aggregate/a_unweighted: bash /Users/geirksa_1_2_3/ai/special-purpose vaults/ReprodicbleAgenticAiCase/analysis/04_score/02_aggregate/a_unweighted/run.sh
aggregate/a_unweighted[covariates_rich]: 8 models over 371 cells, unweighted; best ensemble at CRPS 18.638

$ compare: bash /Users/geirksa_1_2_3/ai/special-purpose vaults/ReprodicbleAgenticAiCase/analysis/04_score/03_compare/run.sh
compare[covariates_rich]: 8 leaderboard rows; reference CRPS 22.098 over 371 cells, unweighted
  ensemble       diff   -3.461  se(split-clustered) 1.740  skill +0.157  wins 43% of cells
  climatology    diff   +2.238  se(split-clustered) 1.919  skill -0.101  wins 44% of cells
  persistence    diff   +2.781  se(split-clustered) 2.985  skill -0.126  wins 47% of cells
  noise floor (reference vs its own repeats): largest |mean diff| 0.565
fig_accuracy_and_spread.png -> /Users/geirksa_1_2_3/ai/special-purpose vaults/ReprodicbleAgenticAiCase/analysis/04_score/03_compare/results/covariates_rich
fig_crps_by_location.png -> /Users/geirksa_1_2_3/ai/special-purpose vaults/ReprodicbleAgenticAiCase/analysis/04_score/03_compare/results/covariates_rich
fig_paired_vs_reference.png -> /Users/geirksa_1_2_3/ai/special-purpose vaults/ReprodicbleAgenticAiCase/analysis/04_score/03_compare/results/covariates_rich

$ conclude: /Users/geirksa_1_2_3/ai/special-purpose vaults/ReprodicbleAgenticAiCase/environment/chapenv/bin/python /Users/geirksa_1_2_3/ai/special-purpose vaults/ReprodicbleAgenticAiCase/analysis/scripts/conclude.py
conclusion[covariates_rich]: ensemble CRPS 18.638 vs reference 22.098 -> skill +0.1566
