# family_hierNB__aggregate_caseWeighted [pair] base=main

$ family/a_hierNB: bash /Users/geirksa_1_2_3/ai/special-purpose vaults/ReprodicbleAgenticAiCase/analysis/03_models/03_candidate/a_hierNB/run.sh
observation/c_hurdle[family_hierNB__aggregate_caseWeighted]: hurdle; zeros 0.56, mean over all months 32.3 against 73.9 over reporting months -> /Users/geirksa_1_2_3/ai/special-purpose vaults/ReprodicbleAgenticAiCase/analysis/03_models/03_candidate/a_hierNB/01_observation/c_hurdle/results/family_hierNB__aggregate_caseWeighted
covariates/c_climateFree[family_hierNB__aggregate_caseWeighted]: no climate columns; ['rainfall', 'mean_temperature', 'mean_relative_humidity'] left out, 36 rows the main path drops are kept -> /Users/geirksa_1_2_3/ai/special-purpose vaults/ReprodicbleAgenticAiCase/analysis/03_models/03_candidate/a_hierNB/02_covariates/c_climateFree/results/family_hierNB__aggregate_caseWeighted
population/a_offset[family_hierNB__aggregate_caseWeighted]: log(population) offset; largest/smallest 23.8 -> /Users/geirksa_1_2_3/ai/special-purpose vaults/ReprodicbleAgenticAiCase/analysis/03_models/03_candidate/a_hierNB/03_population/a_offset/results/family_hierNB__aggregate_caseWeighted
fitTime/a_trainOnly[family_hierNB__aggregate_caseWeighted]: fit in train, n_retrain 1, 21 months of later history unused -> /Users/geirksa_1_2_3/ai/special-purpose vaults/ReprodicbleAgenticAiCase/analysis/03_models/03_candidate/a_hierNB/04_fitTime/a_trainOnly/results/family_hierNB__aggregate_caseWeighted
autoregressive/a_none[family_hierNB__aggregate_caseWeighted]: no lagged-count term; the correlation it leaves unused at lag 3 is 0.701 -> /Users/geirksa_1_2_3/ai/special-purpose vaults/ReprodicbleAgenticAiCase/analysis/03_models/03_candidate/a_hierNB/05_autoregressive/a_none/results/family_hierNB__aggregate_caseWeighted
yearVariance/b_provinceScaled[family_hierNB__aggregate_caseWeighted]: one variance per province; the widest province's annual spread is 5.6 times the narrowest -> /Users/geirksa_1_2_3/ai/special-purpose vaults/ReprodicbleAgenticAiCase/analysis/03_models/03_candidate/a_hierNB/06_yearVariance/b_provinceScaled/results/family_hierNB__aggregate_caseWeighted
candidate[family_hierNB__aggregate_caseWeighted]: {'observation': 'c_hurdle', 'covariates': 'c_climateFree', 'population': 'a_offset', 'fit_time': 'a_trainOnly', 'autoregressive': 'a_none', 'year_variance': 'b_provinceScaled'}, covariates [], seed 849487747; taken here: ['observation=c_hurdle', 'covariates=c_climateFree', 'population=a_offset', 'fit_time=a_trainOnly', 'autoregressive=a_none', 'year_variance=b_provinceScaled'] -> /Users/geirksa_1_2_3/ai/special-purpose vaults/ReprodicbleAgenticAiCase/analysis/03_models/03_candidate/a_hierNB/results/family_hierNB__aggregate_caseWeighted
hier_nb[family_hierNB__aggregate_caseWeighted]: 23 s (2.8 s/split) -> /Users/geirksa_1_2_3/ai/special-purpose vaults/ReprodicbleAgenticAiCase/analysis/03_models/03_candidate/a_hierNB/results/family_hierNB__aggregate_caseWeighted

$ collect: bash /Users/geirksa_1_2_3/ai/special-purpose vaults/ReprodicbleAgenticAiCase/analysis/04_score/01_collect/run.sh
collect[family_hierNB__aggregate_caseWeighted]: 8 model rows, 2968 cells, 16 locations -> /Users/geirksa_1_2_3/ai/special-purpose vaults/ReprodicbleAgenticAiCase/analysis/04_score/01_collect/results/family_hierNB__aggregate_caseWeighted; inherited from main: ['climatology', 'persistence', 'reference', 'reference_r1', 'reference_r2', 'reference_r3', 'reference_r4']

$ aggregate/c_caseWeighted: bash /Users/geirksa_1_2_3/ai/special-purpose vaults/ReprodicbleAgenticAiCase/analysis/04_score/02_aggregate/c_caseWeighted/run.sh
aggregate/c_caseWeighted[family_hierNB__aggregate_caseWeighted]: 8 models over 371 cells, cases; best persistence at CRPS 86.598

$ compare: bash /Users/geirksa_1_2_3/ai/special-purpose vaults/ReprodicbleAgenticAiCase/analysis/04_score/03_compare/run.sh
compare[family_hierNB__aggregate_caseWeighted]: 8 leaderboard rows; reference CRPS 115.216 over 371 cells, cases
  persistence    diff  -28.618  se(split-clustered) 12.702  skill +0.248  wins 47% of cells
  climatology    diff  -12.317  se(split-clustered) 12.414  skill +0.107  wins 44% of cells
  hier_nb        diff   -2.958  se(split-clustered) 13.797  skill +0.026  wins 41% of cells
  noise floor (reference vs its own repeats): largest |mean diff| 5.502
fig_accuracy_and_spread.png -> /Users/geirksa_1_2_3/ai/special-purpose vaults/ReprodicbleAgenticAiCase/analysis/04_score/03_compare/results/family_hierNB__aggregate_caseWeighted
fig_crps_by_location.png -> /Users/geirksa_1_2_3/ai/special-purpose vaults/ReprodicbleAgenticAiCase/analysis/04_score/03_compare/results/family_hierNB__aggregate_caseWeighted
fig_paired_vs_reference.png -> /Users/geirksa_1_2_3/ai/special-purpose vaults/ReprodicbleAgenticAiCase/analysis/04_score/03_compare/results/family_hierNB__aggregate_caseWeighted

$ conclude: /Users/geirksa_1_2_3/ai/special-purpose vaults/ReprodicbleAgenticAiCase/environment/chapenv/bin/python /Users/geirksa_1_2_3/ai/special-purpose vaults/ReprodicbleAgenticAiCase/analysis/scripts/conclude.py
conclusion[family_hierNB__aggregate_caseWeighted]: hier_nb CRPS 112.258 vs reference 115.216 -> skill +0.0257
