# family_hierNB [family] base=main

$ family/a_hierNB: bash /Users/geirksa_1_2_3/ai/special-purpose vaults/ReprodicbleAgenticAiCase/analysis/03_models/03_candidate/a_hierNB/run.sh
observation/c_hurdle[family_hierNB]: hurdle; zeros 0.56, mean over all months 32.3 against 73.9 over reporting months -> /Users/geirksa_1_2_3/ai/special-purpose vaults/ReprodicbleAgenticAiCase/analysis/03_models/03_candidate/a_hierNB/01_observation/c_hurdle/results/family_hierNB
covariates/c_climateFree[family_hierNB]: no climate columns; ['rainfall', 'mean_temperature', 'mean_relative_humidity'] left out, 36 rows the main path drops are kept -> /Users/geirksa_1_2_3/ai/special-purpose vaults/ReprodicbleAgenticAiCase/analysis/03_models/03_candidate/a_hierNB/02_covariates/c_climateFree/results/family_hierNB
population/a_offset[family_hierNB]: log(population) offset; largest/smallest 23.8 -> /Users/geirksa_1_2_3/ai/special-purpose vaults/ReprodicbleAgenticAiCase/analysis/03_models/03_candidate/a_hierNB/03_population/a_offset/results/family_hierNB
fitTime/a_trainOnly[family_hierNB]: fit in train, n_retrain 1, 21 months of later history unused -> /Users/geirksa_1_2_3/ai/special-purpose vaults/ReprodicbleAgenticAiCase/analysis/03_models/03_candidate/a_hierNB/04_fitTime/a_trainOnly/results/family_hierNB
autoregressive/a_none[family_hierNB]: no lagged-count term; the correlation it leaves unused at lag 3 is 0.701 -> /Users/geirksa_1_2_3/ai/special-purpose vaults/ReprodicbleAgenticAiCase/analysis/03_models/03_candidate/a_hierNB/05_autoregressive/a_none/results/family_hierNB
yearVariance/b_provinceScaled[family_hierNB]: one variance per province; the widest province's annual spread is 5.6 times the narrowest -> /Users/geirksa_1_2_3/ai/special-purpose vaults/ReprodicbleAgenticAiCase/analysis/03_models/03_candidate/a_hierNB/06_yearVariance/b_provinceScaled/results/family_hierNB
candidate[family_hierNB]: {'observation': 'c_hurdle', 'covariates': 'c_climateFree', 'population': 'a_offset', 'fit_time': 'a_trainOnly', 'autoregressive': 'a_none', 'year_variance': 'b_provinceScaled'}, covariates [], seed 849487747; taken here: ['observation=c_hurdle', 'covariates=c_climateFree', 'population=a_offset', 'fit_time=a_trainOnly', 'autoregressive=a_none', 'year_variance=b_provinceScaled'] -> /Users/geirksa_1_2_3/ai/special-purpose vaults/ReprodicbleAgenticAiCase/analysis/03_models/03_candidate/a_hierNB/results/family_hierNB
hier_nb[family_hierNB]: 24 s (3.0 s/split) -> /Users/geirksa_1_2_3/ai/special-purpose vaults/ReprodicbleAgenticAiCase/analysis/03_models/03_candidate/a_hierNB/results/family_hierNB

$ collect: bash /Users/geirksa_1_2_3/ai/special-purpose vaults/ReprodicbleAgenticAiCase/analysis/04_score/01_collect/run.sh
collect[family_hierNB]: 8 model rows, 2968 cells, 16 locations -> /Users/geirksa_1_2_3/ai/special-purpose vaults/ReprodicbleAgenticAiCase/analysis/04_score/01_collect/results/family_hierNB; inherited from main: ['climatology', 'persistence', 'reference', 'reference_r1', 'reference_r2', 'reference_r3', 'reference_r4']

$ aggregate/a_unweighted: bash /Users/geirksa_1_2_3/ai/special-purpose vaults/ReprodicbleAgenticAiCase/analysis/04_score/02_aggregate/a_unweighted/run.sh
aggregate/a_unweighted[family_hierNB]: 8 models over 371 cells, unweighted; best reference_r4 at CRPS 21.820

$ compare: bash /Users/geirksa_1_2_3/ai/special-purpose vaults/ReprodicbleAgenticAiCase/analysis/04_score/03_compare/run.sh
compare[family_hierNB]: 8 leaderboard rows; reference CRPS 22.098 over 371 cells, unweighted
  hier_nb        diff   +1.599  se(split-clustered) 1.551  skill -0.072  wins 41% of cells
  climatology    diff   +2.238  se(split-clustered) 1.919  skill -0.101  wins 44% of cells
  persistence    diff   +2.781  se(split-clustered) 2.985  skill -0.126  wins 47% of cells
  noise floor (reference vs its own repeats): largest |mean diff| 0.565
fig_accuracy_and_spread.png -> /Users/geirksa_1_2_3/ai/special-purpose vaults/ReprodicbleAgenticAiCase/analysis/04_score/03_compare/results/family_hierNB
fig_crps_by_location.png -> /Users/geirksa_1_2_3/ai/special-purpose vaults/ReprodicbleAgenticAiCase/analysis/04_score/03_compare/results/family_hierNB
fig_paired_vs_reference.png -> /Users/geirksa_1_2_3/ai/special-purpose vaults/ReprodicbleAgenticAiCase/analysis/04_score/03_compare/results/family_hierNB

$ conclude: /Users/geirksa_1_2_3/ai/special-purpose vaults/ReprodicbleAgenticAiCase/environment/chapenv/bin/python /Users/geirksa_1_2_3/ai/special-purpose vaults/ReprodicbleAgenticAiCase/analysis/scripts/conclude.py
conclusion[family_hierNB]: hier_nb CRPS 23.698 vs reference 22.098 -> skill -0.0724
