# features_richCalendar [candidate] base=main

$ features/b_richCalendar: bash /Users/geirksa_1_2_3/ai/special-purpose vaults/ReprodicbleAgenticAiCase/analysis/03_models/03_candidate/b_boosted/01_features/b_richCalendar/run.sh
features/b_richCalendar[features_richCalendar]: 27 features (9 more than the sibling) -> /Users/geirksa_1_2_3/ai/special-purpose vaults/ReprodicbleAgenticAiCase/analysis/03_models/03_candidate/b_boosted/01_features/b_richCalendar/results/features_richCalendar

$ family/c_ensemble: bash /Users/geirksa_1_2_3/ai/special-purpose vaults/ReprodicbleAgenticAiCase/analysis/03_models/03_candidate/c_ensemble/run.sh
weighting/a_equal[features_richCalendar]: equal weights, nothing estimated; 6 members at 0.167 each, 4 of them required baselines -> /Users/geirksa_1_2_3/ai/special-purpose vaults/ReprodicbleAgenticAiCase/analysis/03_models/03_candidate/c_ensemble/01_weighting/a_equal/results/features_richCalendar
  a_hierNB: assembling its configuration under 'features_richCalendar'
    01_observation: ['c_hurdle'] already chosen under 'main'
    02_covariates: ['c_climateFree'] already chosen under 'main'
    03_population: ['a_offset'] already chosen under 'main'
    04_fitTime: ['a_trainOnly'] already chosen under 'main'
    05_autoregressive: ['a_none'] already chosen under 'main'
    06_yearVariance: ['b_provinceScaled'] already chosen under 'main'
    candidate[features_richCalendar]: {'observation': 'c_hurdle', 'covariates': 'c_climateFree', 'population': 'a_offset', 'fit_time': 'a_trainOnly', 'autoregressive': 'a_none', 'year_variance': 'b_provinceScaled'}, covariates [], seed 849487747; taken here: [] -> /Users/geirksa_1_2_3/ai/special-purpose vaults/ReprodicbleAgenticAiCase/analysis/03_models/03_candidate/a_hierNB/results/features_richCalendar
  b_boosted: assembling its configuration under 'features_richCalendar'
    01_features: ['b_richCalendar'] already chosen under 'features_richCalendar'
    02_head: ['a_negBinomial'] already chosen under 'main'
    boosted[features_richCalendar]: {'features': 'b_richCalendar', 'head': 'a_negBinomial'}, covariates ['rainfall', 'mean_temperature', 'mean_relative_humidity'], seed 1877199108; taken here: ['features=b_richCalendar'] -> /Users/geirksa_1_2_3/ai/special-purpose vaults/ReprodicbleAgenticAiCase/analysis/03_models/03_candidate/b_boosted/results/features_richCalendar
ensemble members[features_richCalendar]: 4 — persistence, climatology, hier_nb, boosted; covariates ['rainfall', 'mean_temperature', 'mean_relative_humidity'] -> /Users/geirksa_1_2_3/ai/special-purpose vaults/ReprodicbleAgenticAiCase/analysis/03_models/03_candidate/c_ensemble/results/features_richCalendar/members.json; not on this combination's path: ['analysis/03_models/01_baselines/01_persistence/b_negBinomialFloor/scripts/persistence_model', 'analysis/03_models/01_baselines/02_climatology/b_frozenWindow/scripts/climatology_model']
ensemble[features_richCalendar]: {'weighting': 'a_equal'}, 4 members, covariates ['rainfall', 'mean_temperature', 'mean_relative_humidity'], seed 1648567750; taken here: ['weighting=a_equal'] -> /Users/geirksa_1_2_3/ai/special-purpose vaults/ReprodicbleAgenticAiCase/analysis/03_models/03_candidate/c_ensemble/results/features_richCalendar
ensemble[features_richCalendar]: 65 s (8.1 s/split) -> /Users/geirksa_1_2_3/ai/special-purpose vaults/ReprodicbleAgenticAiCase/analysis/03_models/03_candidate/c_ensemble/results/features_richCalendar
pool check[features_richCalendar]: 18.812 as run; reconstruction not done, no stored evaluation of ['boosted'] under the configuration the pool gave them -> /Users/geirksa_1_2_3/ai/special-purpose vaults/ReprodicbleAgenticAiCase/analysis/03_models/03_candidate/c_ensemble/results/features_richCalendar/pool_check.json

$ collect: bash /Users/geirksa_1_2_3/ai/special-purpose vaults/ReprodicbleAgenticAiCase/analysis/04_score/01_collect/run.sh
collect[features_richCalendar]: 8 model rows, 2968 cells, 16 locations -> /Users/geirksa_1_2_3/ai/special-purpose vaults/ReprodicbleAgenticAiCase/analysis/04_score/01_collect/results/features_richCalendar; inherited from main: ['climatology', 'persistence', 'reference', 'reference_r1', 'reference_r2', 'reference_r3', 'reference_r4']

$ aggregate/a_unweighted: bash /Users/geirksa_1_2_3/ai/special-purpose vaults/ReprodicbleAgenticAiCase/analysis/04_score/02_aggregate/a_unweighted/run.sh
aggregate/a_unweighted[features_richCalendar]: 8 models over 371 cells, unweighted; best ensemble at CRPS 18.812

$ compare: bash /Users/geirksa_1_2_3/ai/special-purpose vaults/ReprodicbleAgenticAiCase/analysis/04_score/03_compare/run.sh
compare[features_richCalendar]: 8 leaderboard rows; reference CRPS 22.098 over 371 cells, unweighted
  ensemble       diff   -3.286  se(split-clustered) 1.762  skill +0.149  wins 43% of cells
  climatology    diff   +2.238  se(split-clustered) 1.919  skill -0.101  wins 44% of cells
  persistence    diff   +2.781  se(split-clustered) 2.985  skill -0.126  wins 47% of cells
  noise floor (reference vs its own repeats): largest |mean diff| 0.565
fig_accuracy_and_spread.png -> /Users/geirksa_1_2_3/ai/special-purpose vaults/ReprodicbleAgenticAiCase/analysis/04_score/03_compare/results/features_richCalendar
fig_crps_by_location.png -> /Users/geirksa_1_2_3/ai/special-purpose vaults/ReprodicbleAgenticAiCase/analysis/04_score/03_compare/results/features_richCalendar
fig_paired_vs_reference.png -> /Users/geirksa_1_2_3/ai/special-purpose vaults/ReprodicbleAgenticAiCase/analysis/04_score/03_compare/results/features_richCalendar

$ conclude: /Users/geirksa_1_2_3/ai/special-purpose vaults/ReprodicbleAgenticAiCase/environment/chapenv/bin/python /Users/geirksa_1_2_3/ai/special-purpose vaults/ReprodicbleAgenticAiCase/analysis/scripts/conclude.py
conclusion[features_richCalendar]: ensemble CRPS 18.812 vs reference 22.098 -> skill +0.1487
