# head_quantileEnsemble [candidate] base=main

$ head/b_quantileEnsemble: bash /Users/geirksa_1_2_3/ai/special-purpose vaults/ReprodicbleAgenticAiCase/analysis/03_models/03_candidate/b_boosted/02_head/b_quantileEnsemble/run.sh
head/b_quantileEnsemble[head_quantileEnsemble]: zero share 0.563; 8 of 15 ladder levels predicted flat at zero; 1 province(s) never report a zero -> /Users/geirksa_1_2_3/ai/special-purpose vaults/ReprodicbleAgenticAiCase/analysis/03_models/03_candidate/b_boosted/02_head/b_quantileEnsemble/results/head_quantileEnsemble

$ family/c_ensemble: bash /Users/geirksa_1_2_3/ai/special-purpose vaults/ReprodicbleAgenticAiCase/analysis/03_models/03_candidate/c_ensemble/run.sh
weighting/a_equal[head_quantileEnsemble]: equal weights, nothing estimated; 6 members at 0.167 each, 4 of them required baselines -> /Users/geirksa_1_2_3/ai/special-purpose vaults/ReprodicbleAgenticAiCase/analysis/03_models/03_candidate/c_ensemble/01_weighting/a_equal/results/head_quantileEnsemble
  a_hierNB: assembling its configuration under 'head_quantileEnsemble'
    01_observation: ['c_hurdle'] already chosen under 'main'
    02_covariates: ['c_climateFree'] already chosen under 'main'
    03_population: ['a_offset'] already chosen under 'main'
    04_fitTime: ['a_trainOnly'] already chosen under 'main'
    05_autoregressive: ['a_none'] already chosen under 'main'
    06_yearVariance: ['b_provinceScaled'] already chosen under 'main'
    candidate[head_quantileEnsemble]: {'observation': 'c_hurdle', 'covariates': 'c_climateFree', 'population': 'a_offset', 'fit_time': 'a_trainOnly', 'autoregressive': 'a_none', 'year_variance': 'b_provinceScaled'}, covariates [], seed 849487747; taken here: [] -> /Users/geirksa_1_2_3/ai/special-purpose vaults/ReprodicbleAgenticAiCase/analysis/03_models/03_candidate/a_hierNB/results/head_quantileEnsemble
  b_boosted: assembling its configuration under 'head_quantileEnsemble'
    01_features: ['a_lagBlock'] already chosen under 'main'
    02_head: ['b_quantileEnsemble'] already chosen under 'head_quantileEnsemble'
    boosted[head_quantileEnsemble]: {'features': 'a_lagBlock', 'head': 'b_quantileEnsemble'}, covariates ['rainfall', 'mean_temperature', 'mean_relative_humidity'], seed 1877199108; taken here: ['head=b_quantileEnsemble'] -> /Users/geirksa_1_2_3/ai/special-purpose vaults/ReprodicbleAgenticAiCase/analysis/03_models/03_candidate/b_boosted/results/head_quantileEnsemble
ensemble members[head_quantileEnsemble]: 4 — persistence, climatology, hier_nb, boosted; covariates ['rainfall', 'mean_temperature', 'mean_relative_humidity'] -> /Users/geirksa_1_2_3/ai/special-purpose vaults/ReprodicbleAgenticAiCase/analysis/03_models/03_candidate/c_ensemble/results/head_quantileEnsemble/members.json; not on this combination's path: ['analysis/03_models/01_baselines/01_persistence/b_negBinomialFloor/scripts/persistence_model', 'analysis/03_models/01_baselines/02_climatology/b_frozenWindow/scripts/climatology_model']
ensemble[head_quantileEnsemble]: {'weighting': 'a_equal'}, 4 members, covariates ['rainfall', 'mean_temperature', 'mean_relative_humidity'], seed 1648567750; taken here: ['weighting=a_equal'] -> /Users/geirksa_1_2_3/ai/special-purpose vaults/ReprodicbleAgenticAiCase/analysis/03_models/03_candidate/c_ensemble/results/head_quantileEnsemble
ensemble[head_quantileEnsemble]: 80 s (10.0 s/split) -> /Users/geirksa_1_2_3/ai/special-purpose vaults/ReprodicbleAgenticAiCase/analysis/03_models/03_candidate/c_ensemble/results/head_quantileEnsemble
pool check[head_quantileEnsemble]: 18.776 as run; reconstruction not done, no stored evaluation of ['boosted'] under the configuration the pool gave them -> /Users/geirksa_1_2_3/ai/special-purpose vaults/ReprodicbleAgenticAiCase/analysis/03_models/03_candidate/c_ensemble/results/head_quantileEnsemble/pool_check.json

$ collect: bash /Users/geirksa_1_2_3/ai/special-purpose vaults/ReprodicbleAgenticAiCase/analysis/04_score/01_collect/run.sh
collect[head_quantileEnsemble]: 8 model rows, 2968 cells, 16 locations -> /Users/geirksa_1_2_3/ai/special-purpose vaults/ReprodicbleAgenticAiCase/analysis/04_score/01_collect/results/head_quantileEnsemble; inherited from main: ['climatology', 'persistence', 'reference', 'reference_r1', 'reference_r2', 'reference_r3', 'reference_r4']

$ aggregate/a_unweighted: bash /Users/geirksa_1_2_3/ai/special-purpose vaults/ReprodicbleAgenticAiCase/analysis/04_score/02_aggregate/a_unweighted/run.sh
aggregate/a_unweighted[head_quantileEnsemble]: 8 models over 371 cells, unweighted; best ensemble at CRPS 18.776

$ compare: bash /Users/geirksa_1_2_3/ai/special-purpose vaults/ReprodicbleAgenticAiCase/analysis/04_score/03_compare/run.sh
compare[head_quantileEnsemble]: 8 leaderboard rows; reference CRPS 22.098 over 371 cells, unweighted
  ensemble       diff   -3.322  se(split-clustered) 1.794  skill +0.150  wins 46% of cells
  climatology    diff   +2.238  se(split-clustered) 1.919  skill -0.101  wins 44% of cells
  persistence    diff   +2.781  se(split-clustered) 2.985  skill -0.126  wins 47% of cells
  noise floor (reference vs its own repeats): largest |mean diff| 0.565
fig_accuracy_and_spread.png -> /Users/geirksa_1_2_3/ai/special-purpose vaults/ReprodicbleAgenticAiCase/analysis/04_score/03_compare/results/head_quantileEnsemble
fig_crps_by_location.png -> /Users/geirksa_1_2_3/ai/special-purpose vaults/ReprodicbleAgenticAiCase/analysis/04_score/03_compare/results/head_quantileEnsemble
fig_paired_vs_reference.png -> /Users/geirksa_1_2_3/ai/special-purpose vaults/ReprodicbleAgenticAiCase/analysis/04_score/03_compare/results/head_quantileEnsemble

$ conclude: /Users/geirksa_1_2_3/ai/special-purpose vaults/ReprodicbleAgenticAiCase/environment/chapenv/bin/python /Users/geirksa_1_2_3/ai/special-purpose vaults/ReprodicbleAgenticAiCase/analysis/scripts/conclude.py
conclusion[head_quantileEnsemble]: ensemble CRPS 18.776 vs reference 22.098 -> skill +0.1503
