# persistence_negBinomialFloor [baseline] base=main

$ persistence/b_negBinomialFloor: bash /Users/geirksa_1_2_3/ai/special-purpose vaults/ReprodicbleAgenticAiCase/analysis/03_models/01_baselines/01_persistence/b_negBinomialFloor/run.sh
persistence[persistence_negBinomialFloor]: 19 s (2.4 s/split) -> /Users/geirksa_1_2_3/ai/special-purpose vaults/ReprodicbleAgenticAiCase/analysis/03_models/01_baselines/01_persistence/b_negBinomialFloor/results/persistence_negBinomialFloor

$ climatology/a_expandingWindow: bash /Users/geirksa_1_2_3/ai/special-purpose vaults/ReprodicbleAgenticAiCase/analysis/03_models/01_baselines/02_climatology/a_expandingWindow/run.sh
climatology[persistence_negBinomialFloor]: 18 s (2.3 s/split) -> /Users/geirksa_1_2_3/ai/special-purpose vaults/ReprodicbleAgenticAiCase/analysis/03_models/01_baselines/02_climatology/a_expandingWindow/results/persistence_negBinomialFloor

$ family/c_ensemble: bash /Users/geirksa_1_2_3/ai/special-purpose vaults/ReprodicbleAgenticAiCase/analysis/03_models/03_candidate/c_ensemble/run.sh
weighting/a_equal[persistence_negBinomialFloor]: equal weights, nothing estimated; 6 members at 0.167 each, 4 of them required baselines -> /Users/geirksa_1_2_3/ai/special-purpose vaults/ReprodicbleAgenticAiCase/analysis/03_models/03_candidate/c_ensemble/01_weighting/a_equal/results/persistence_negBinomialFloor
  a_hierNB: assembling its configuration under 'persistence_negBinomialFloor' from its forks' main paths
    observation/c_hurdle[persistence_negBinomialFloor]: hurdle; zeros 0.56, mean over all months 32.3 against 73.9 over reporting months -> /Users/geirksa_1_2_3/ai/special-purpose vaults/ReprodicbleAgenticAiCase/analysis/03_models/03_candidate/a_hierNB/01_observation/c_hurdle/results/persistence_negBinomialFloor
    covariates/c_climateFree[persistence_negBinomialFloor]: no climate columns; ['rainfall', 'mean_temperature', 'mean_relative_humidity'] left out, 36 rows the main path drops are kept -> /Users/geirksa_1_2_3/ai/special-purpose vaults/ReprodicbleAgenticAiCase/analysis/03_models/03_candidate/a_hierNB/02_covariates/c_climateFree/results/persistence_negBinomialFloor
    population/a_offset[persistence_negBinomialFloor]: log(population) offset; largest/smallest 23.8 -> /Users/geirksa_1_2_3/ai/special-purpose vaults/ReprodicbleAgenticAiCase/analysis/03_models/03_candidate/a_hierNB/03_population/a_offset/results/persistence_negBinomialFloor
    fitTime/a_trainOnly[persistence_negBinomialFloor]: fit in train, n_retrain 1, 21 months of later history unused -> /Users/geirksa_1_2_3/ai/special-purpose vaults/ReprodicbleAgenticAiCase/analysis/03_models/03_candidate/a_hierNB/04_fitTime/a_trainOnly/results/persistence_negBinomialFloor
    autoregressive/a_none[persistence_negBinomialFloor]: no lagged-count term; the correlation it leaves unused at lag 3 is 0.701 -> /Users/geirksa_1_2_3/ai/special-purpose vaults/ReprodicbleAgenticAiCase/analysis/03_models/03_candidate/a_hierNB/05_autoregressive/a_none/results/persistence_negBinomialFloor
    yearVariance/b_provinceScaled[persistence_negBinomialFloor]: one variance per province; the widest province's annual spread is 5.6 times the narrowest -> /Users/geirksa_1_2_3/ai/special-purpose vaults/ReprodicbleAgenticAiCase/analysis/03_models/03_candidate/a_hierNB/06_yearVariance/b_provinceScaled/results/persistence_negBinomialFloor
    candidate[persistence_negBinomialFloor]: {'observation': 'c_hurdle', 'covariates': 'c_climateFree', 'population': 'a_offset', 'fit_time': 'a_trainOnly', 'autoregressive': 'a_none', 'year_variance': 'b_provinceScaled'}, covariates [], seed 849487747; taken here: ['observation=c_hurdle', 'covariates=c_climateFree', 'population=a_offset', 'fit_time=a_trainOnly', 'autoregressive=a_none', 'year_variance=b_provinceScaled'] -> /Users/geirksa_1_2_3/ai/special-purpose vaults/ReprodicbleAgenticAiCase/analysis/03_models/03_candidate/a_hierNB/results/persistence_negBinomialFloor
  b_boosted: assembling its configuration under 'persistence_negBinomialFloor' from its forks' main paths
    features/a_lagBlock[persistence_negBinomialFloor]: 18 features; climate [0, 1, 2, 3], counts [3, 4, 5, 6, 12] -> /Users/geirksa_1_2_3/ai/special-purpose vaults/ReprodicbleAgenticAiCase/analysis/03_models/03_candidate/b_boosted/01_features/a_lagBlock/results/persistence_negBinomialFloor
    head/a_negBinomial[persistence_negBinomialFloor]: variance-to-mean by province 2.9..842.4 (Poisson would be 1.0) -> /Users/geirksa_1_2_3/ai/special-purpose vaults/ReprodicbleAgenticAiCase/analysis/03_models/03_candidate/b_boosted/02_head/a_negBinomial/results/persistence_negBinomialFloor
    boosted[persistence_negBinomialFloor]: {'features': 'a_lagBlock', 'head': 'a_negBinomial'}, covariates ['rainfall', 'mean_temperature', 'mean_relative_humidity'], seed 1877199108; taken here: ['features=a_lagBlock', 'head=a_negBinomial'] -> /Users/geirksa_1_2_3/ai/special-purpose vaults/ReprodicbleAgenticAiCase/analysis/03_models/03_candidate/b_boosted/results/persistence_negBinomialFloor
ensemble members[persistence_negBinomialFloor]: 4 — persistence, climatology, hier_nb, boosted; covariates ['rainfall', 'mean_temperature', 'mean_relative_humidity'] -> /Users/geirksa_1_2_3/ai/special-purpose vaults/ReprodicbleAgenticAiCase/analysis/03_models/03_candidate/c_ensemble/results/persistence_negBinomialFloor/members.json; not on this combination's path: ['analysis/03_models/01_baselines/01_persistence/a_empiricalChange/scripts/persistence_model', 'analysis/03_models/01_baselines/02_climatology/b_frozenWindow/scripts/climatology_model']
ensemble[persistence_negBinomialFloor]: {'weighting': 'a_equal'}, 4 members, covariates ['rainfall', 'mean_temperature', 'mean_relative_humidity'], seed 1648567750; taken here: ['weighting=a_equal'] -> /Users/geirksa_1_2_3/ai/special-purpose vaults/ReprodicbleAgenticAiCase/analysis/03_models/03_candidate/c_ensemble/results/persistence_negBinomialFloor
ensemble[persistence_negBinomialFloor]: 85 s (10.6 s/split) -> /Users/geirksa_1_2_3/ai/special-purpose vaults/ReprodicbleAgenticAiCase/analysis/03_models/03_candidate/c_ensemble/results/persistence_negBinomialFloor
pool check[persistence_negBinomialFloor]: rebuilt 19.455 against 19.434 as run (difference +0.021); members persistence 20.698, boosted 20.771, hier_nb 23.698, climatology 24.337 -> /Users/geirksa_1_2_3/ai/special-purpose vaults/ReprodicbleAgenticAiCase/analysis/03_models/03_candidate/c_ensemble/results/persistence_negBinomialFloor/pool_check.json

$ collect: bash /Users/geirksa_1_2_3/ai/special-purpose vaults/ReprodicbleAgenticAiCase/analysis/04_score/01_collect/run.sh
collect[persistence_negBinomialFloor]: 8 model rows, 2968 cells, 16 locations -> /Users/geirksa_1_2_3/ai/special-purpose vaults/ReprodicbleAgenticAiCase/analysis/04_score/01_collect/results/persistence_negBinomialFloor; inherited from main: ['reference', 'reference_r1', 'reference_r2', 'reference_r3', 'reference_r4']

$ aggregate/a_unweighted: bash /Users/geirksa_1_2_3/ai/special-purpose vaults/ReprodicbleAgenticAiCase/analysis/04_score/02_aggregate/a_unweighted/run.sh
aggregate/a_unweighted[persistence_negBinomialFloor]: 8 models over 371 cells, unweighted; best ensemble at CRPS 19.434

$ compare: bash /Users/geirksa_1_2_3/ai/special-purpose vaults/ReprodicbleAgenticAiCase/analysis/04_score/03_compare/run.sh
compare[persistence_negBinomialFloor]: 8 leaderboard rows; reference CRPS 22.098 over 371 cells
  ensemble       diff   -2.664  se(split-clustered) 1.351  skill +0.121  wins 42% of cells
  persistence    diff   -1.400  se(split-clustered) 1.424  skill +0.063  wins 52% of cells
  climatology    diff   +2.238  se(split-clustered) 1.919  skill -0.101  wins 44% of cells
  noise floor (reference vs its own repeats): largest |mean diff| 0.565
fig_accuracy_and_spread.png -> /Users/geirksa_1_2_3/ai/special-purpose vaults/ReprodicbleAgenticAiCase/analysis/04_score/03_compare/results/persistence_negBinomialFloor
fig_crps_by_location.png -> /Users/geirksa_1_2_3/ai/special-purpose vaults/ReprodicbleAgenticAiCase/analysis/04_score/03_compare/results/persistence_negBinomialFloor
fig_paired_vs_reference.png -> /Users/geirksa_1_2_3/ai/special-purpose vaults/ReprodicbleAgenticAiCase/analysis/04_score/03_compare/results/persistence_negBinomialFloor

$ conclude: /Users/geirksa_1_2_3/ai/special-purpose vaults/ReprodicbleAgenticAiCase/environment/chapenv/bin/python /Users/geirksa_1_2_3/ai/special-purpose vaults/ReprodicbleAgenticAiCase/analysis/scripts/conclude.py
conclusion[persistence_negBinomialFloor]: ensemble CRPS 19.434 vs reference 22.098 -> skill +0.1206
