# provinces_reportingOnly__family_hierNB [pair] base=main

$ popColumn/a_static: bash /Users/geirksa_1_2_3/ai/special-purpose vaults/ReprodicbleAgenticAiCase/analysis/02_setup/01_population/a_static/run.sh
population/a_static: 2592 rows, constant per province True -> /Users/geirksa_1_2_3/ai/special-purpose vaults/ReprodicbleAgenticAiCase/analysis/02_setup/01_population/a_static/results/provinces_reportingOnly__family_hierNB

$ trainingWindow/a_from1998: bash /Users/geirksa_1_2_3/ai/special-purpose vaults/ReprodicbleAgenticAiCase/analysis/02_setup/02_trainingWindow/a_from1998/run.sh
trainingWindow/a_from1998: 2592 -> 2592 rows (1998-01..2009-12)

$ provinces/b_reportingOnly: bash /Users/geirksa_1_2_3/ai/special-purpose vaults/ReprodicbleAgenticAiCase/analysis/02_setup/03_provinces/b_reportingOnly/run.sh
provinces/b_reportingOnly: removed ['LA-VI', 'LA-XN']; 16 provinces, 2304 rows, 371 cells expected

$ retrain/a_once: bash /Users/geirksa_1_2_3/ai/special-purpose vaults/ReprodicbleAgenticAiCase/analysis/02_setup/04_retrain/a_once/run.sh
retrain/a_once: n_retrain=1, 2304 rows pass through

$ assemble_setup: /Users/geirksa_1_2_3/ai/special-purpose vaults/ReprodicbleAgenticAiCase/environment/chapenv/bin/python /Users/geirksa_1_2_3/ai/special-purpose vaults/ReprodicbleAgenticAiCase/analysis/02_setup/scripts/assemble_setup.py
setup[provinces_reportingOnly__family_hierNB]: 2304 rows, 16 locations, 1998-01..2009-12, flags {'n_periods': 3, 'n_splits': 8, 'stride': 3, 'n_retrain': 1}, choices {'population': 'a_static', 'trainingWindow': 'a_from1998', 'provinces': 'b_reportingOnly', 'retrain': 'a_once'}

$ persistence/a_empiricalChange: bash /Users/geirksa_1_2_3/ai/special-purpose vaults/ReprodicbleAgenticAiCase/analysis/03_models/01_baselines/01_persistence/a_empiricalChange/run.sh
persistence[provinces_reportingOnly__family_hierNB]: 18 s (2.3 s/split) -> /Users/geirksa_1_2_3/ai/special-purpose vaults/ReprodicbleAgenticAiCase/analysis/03_models/01_baselines/01_persistence/a_empiricalChange/results/provinces_reportingOnly__family_hierNB

$ climatology/a_expandingWindow: bash /Users/geirksa_1_2_3/ai/special-purpose vaults/ReprodicbleAgenticAiCase/analysis/03_models/01_baselines/02_climatology/a_expandingWindow/run.sh
climatology[provinces_reportingOnly__family_hierNB]: 17 s (2.2 s/split) -> /Users/geirksa_1_2_3/ai/special-purpose vaults/ReprodicbleAgenticAiCase/analysis/03_models/01_baselines/02_climatology/a_expandingWindow/results/provinces_reportingOnly__family_hierNB

$ reference: bash /Users/geirksa_1_2_3/ai/special-purpose vaults/ReprodicbleAgenticAiCase/analysis/03_models/02_reference/run.sh
reference repeat 1 of 4
reference repeat 2 of 4
reference repeat 3 of 4
reference repeat 4 of 4
reference[provinces_reportingOnly__family_hierNB]: 4 repeats, 851 s total (26.6 s/split) -> /Users/geirksa_1_2_3/ai/special-purpose vaults/ReprodicbleAgenticAiCase/analysis/03_models/02_reference/results/provinces_reportingOnly__family_hierNB

$ family/a_hierNB: bash /Users/geirksa_1_2_3/ai/special-purpose vaults/ReprodicbleAgenticAiCase/analysis/03_models/03_candidate/a_hierNB/run.sh
observation/c_hurdle[provinces_reportingOnly__family_hierNB]: hurdle; zeros 0.55, mean over all months 33.7 against 74.3 over reporting months -> /Users/geirksa_1_2_3/ai/special-purpose vaults/ReprodicbleAgenticAiCase/analysis/03_models/03_candidate/a_hierNB/01_observation/c_hurdle/results/provinces_reportingOnly__family_hierNB
covariates/c_climateFree[provinces_reportingOnly__family_hierNB]: no climate columns; ['rainfall', 'mean_temperature', 'mean_relative_humidity'] left out, 32 rows the main path drops are kept -> /Users/geirksa_1_2_3/ai/special-purpose vaults/ReprodicbleAgenticAiCase/analysis/03_models/03_candidate/a_hierNB/02_covariates/c_climateFree/results/provinces_reportingOnly__family_hierNB
population/a_offset[provinces_reportingOnly__family_hierNB]: log(population) offset; largest/smallest 23.8 -> /Users/geirksa_1_2_3/ai/special-purpose vaults/ReprodicbleAgenticAiCase/analysis/03_models/03_candidate/a_hierNB/03_population/a_offset/results/provinces_reportingOnly__family_hierNB
fitTime/a_trainOnly[provinces_reportingOnly__family_hierNB]: fit in train, n_retrain 1, 21 months of later history unused -> /Users/geirksa_1_2_3/ai/special-purpose vaults/ReprodicbleAgenticAiCase/analysis/03_models/03_candidate/a_hierNB/04_fitTime/a_trainOnly/results/provinces_reportingOnly__family_hierNB
autoregressive/a_none[provinces_reportingOnly__family_hierNB]: no lagged-count term; the correlation it leaves unused at lag 3 is 0.698 -> /Users/geirksa_1_2_3/ai/special-purpose vaults/ReprodicbleAgenticAiCase/analysis/03_models/03_candidate/a_hierNB/05_autoregressive/a_none/results/provinces_reportingOnly__family_hierNB
yearVariance/b_provinceScaled[provinces_reportingOnly__family_hierNB]: one variance per province; the widest province's annual spread is 5.6 times the narrowest -> /Users/geirksa_1_2_3/ai/special-purpose vaults/ReprodicbleAgenticAiCase/analysis/03_models/03_candidate/a_hierNB/06_yearVariance/b_provinceScaled/results/provinces_reportingOnly__family_hierNB
candidate[provinces_reportingOnly__family_hierNB]: {'observation': 'c_hurdle', 'covariates': 'c_climateFree', 'population': 'a_offset', 'fit_time': 'a_trainOnly', 'autoregressive': 'a_none', 'year_variance': 'b_provinceScaled'}, covariates [], seed 849487747; taken here: ['observation=c_hurdle', 'covariates=c_climateFree', 'population=a_offset', 'fit_time=a_trainOnly', 'autoregressive=a_none', 'year_variance=b_provinceScaled'] -> /Users/geirksa_1_2_3/ai/special-purpose vaults/ReprodicbleAgenticAiCase/analysis/03_models/03_candidate/a_hierNB/results/provinces_reportingOnly__family_hierNB
hier_nb[provinces_reportingOnly__family_hierNB]: 28 s (3.5 s/split) -> /Users/geirksa_1_2_3/ai/special-purpose vaults/ReprodicbleAgenticAiCase/analysis/03_models/03_candidate/a_hierNB/results/provinces_reportingOnly__family_hierNB

$ collect: bash /Users/geirksa_1_2_3/ai/special-purpose vaults/ReprodicbleAgenticAiCase/analysis/04_score/01_collect/run.sh
collect[provinces_reportingOnly__family_hierNB]: 8 model rows, 2968 cells, 16 locations -> /Users/geirksa_1_2_3/ai/special-purpose vaults/ReprodicbleAgenticAiCase/analysis/04_score/01_collect/results/provinces_reportingOnly__family_hierNB

$ aggregate/a_unweighted: bash /Users/geirksa_1_2_3/ai/special-purpose vaults/ReprodicbleAgenticAiCase/analysis/04_score/02_aggregate/a_unweighted/run.sh
aggregate/a_unweighted[provinces_reportingOnly__family_hierNB]: 8 models over 371 cells, unweighted; best reference_r2 at CRPS 23.342

$ compare: bash /Users/geirksa_1_2_3/ai/special-purpose vaults/ReprodicbleAgenticAiCase/analysis/04_score/03_compare/run.sh
compare[provinces_reportingOnly__family_hierNB]: 8 leaderboard rows; reference CRPS 23.487 over 371 cells, unweighted
  hier_nb        diff   +0.116  se(split-clustered) 1.390  skill -0.005  wins 44% of cells
  climatology    diff   +0.850  se(split-clustered) 1.461  skill -0.036  wins 47% of cells
  persistence    diff   +1.393  se(split-clustered) 2.280  skill -0.059  wins 44% of cells
  noise floor (reference vs its own repeats): largest |mean diff| 0.402
fig_accuracy_and_spread.png -> /Users/geirksa_1_2_3/ai/special-purpose vaults/ReprodicbleAgenticAiCase/analysis/04_score/03_compare/results/provinces_reportingOnly__family_hierNB
fig_crps_by_location.png -> /Users/geirksa_1_2_3/ai/special-purpose vaults/ReprodicbleAgenticAiCase/analysis/04_score/03_compare/results/provinces_reportingOnly__family_hierNB
fig_paired_vs_reference.png -> /Users/geirksa_1_2_3/ai/special-purpose vaults/ReprodicbleAgenticAiCase/analysis/04_score/03_compare/results/provinces_reportingOnly__family_hierNB

$ conclude: /Users/geirksa_1_2_3/ai/special-purpose vaults/ReprodicbleAgenticAiCase/environment/chapenv/bin/python /Users/geirksa_1_2_3/ai/special-purpose vaults/ReprodicbleAgenticAiCase/analysis/scripts/conclude.py
conclusion[provinces_reportingOnly__family_hierNB]: hier_nb CRPS 23.602 vs reference 23.487 -> skill -0.0049
