# provinces_reportingOnly__aggregate_caseWeighted [pair] base=main

$ popColumn/a_static: bash /Users/geirksa_1_2_3/ai/special-purpose vaults/ReprodicbleAgenticAiCase/analysis/02_setup/01_population/a_static/run.sh
population/a_static: 2592 rows, constant per province True -> /Users/geirksa_1_2_3/ai/special-purpose vaults/ReprodicbleAgenticAiCase/analysis/02_setup/01_population/a_static/results/provinces_reportingOnly__aggregate_caseWeighted

$ trainingWindow/a_from1998: bash /Users/geirksa_1_2_3/ai/special-purpose vaults/ReprodicbleAgenticAiCase/analysis/02_setup/02_trainingWindow/a_from1998/run.sh
trainingWindow/a_from1998: 2592 -> 2592 rows (1998-01..2009-12)

$ provinces/b_reportingOnly: bash /Users/geirksa_1_2_3/ai/special-purpose vaults/ReprodicbleAgenticAiCase/analysis/02_setup/03_provinces/b_reportingOnly/run.sh
provinces/b_reportingOnly: removed ['LA-VI', 'LA-XN']; 16 provinces, 2304 rows, 371 cells expected

$ retrain/a_once: bash /Users/geirksa_1_2_3/ai/special-purpose vaults/ReprodicbleAgenticAiCase/analysis/02_setup/04_retrain/a_once/run.sh
retrain/a_once: n_retrain=1, 2304 rows pass through

$ assemble_setup: /Users/geirksa_1_2_3/ai/special-purpose vaults/ReprodicbleAgenticAiCase/environment/chapenv/bin/python /Users/geirksa_1_2_3/ai/special-purpose vaults/ReprodicbleAgenticAiCase/analysis/02_setup/scripts/assemble_setup.py
setup[provinces_reportingOnly__aggregate_caseWeighted]: 2304 rows, 16 locations, 1998-01..2009-12, flags {'n_periods': 3, 'n_splits': 8, 'stride': 3, 'n_retrain': 1}, choices {'population': 'a_static', 'trainingWindow': 'a_from1998', 'provinces': 'b_reportingOnly', 'retrain': 'a_once'}

$ persistence/a_empiricalChange: bash /Users/geirksa_1_2_3/ai/special-purpose vaults/ReprodicbleAgenticAiCase/analysis/03_models/01_baselines/01_persistence/a_empiricalChange/run.sh
persistence[provinces_reportingOnly__aggregate_caseWeighted]: 18 s (2.3 s/split) -> /Users/geirksa_1_2_3/ai/special-purpose vaults/ReprodicbleAgenticAiCase/analysis/03_models/01_baselines/01_persistence/a_empiricalChange/results/provinces_reportingOnly__aggregate_caseWeighted

$ climatology/a_expandingWindow: bash /Users/geirksa_1_2_3/ai/special-purpose vaults/ReprodicbleAgenticAiCase/analysis/03_models/01_baselines/02_climatology/a_expandingWindow/run.sh
climatology[provinces_reportingOnly__aggregate_caseWeighted]: 17 s (2.1 s/split) -> /Users/geirksa_1_2_3/ai/special-purpose vaults/ReprodicbleAgenticAiCase/analysis/03_models/01_baselines/02_climatology/a_expandingWindow/results/provinces_reportingOnly__aggregate_caseWeighted

$ reference: bash /Users/geirksa_1_2_3/ai/special-purpose vaults/ReprodicbleAgenticAiCase/analysis/03_models/02_reference/run.sh
reference repeat 1 of 4
  repeat 1 attempt 1 crashed; retrying
reference repeat 2 of 4
reference repeat 3 of 4
reference repeat 4 of 4
  repeat 4 attempt 1 crashed; retrying
reference[provinces_reportingOnly__aggregate_caseWeighted]: 4 repeats, 624 s total (19.5 s/split) -> /Users/geirksa_1_2_3/ai/special-purpose vaults/ReprodicbleAgenticAiCase/analysis/03_models/02_reference/results/provinces_reportingOnly__aggregate_caseWeighted

$ family/c_ensemble: bash /Users/geirksa_1_2_3/ai/special-purpose vaults/ReprodicbleAgenticAiCase/analysis/03_models/03_candidate/c_ensemble/run.sh
weighting/a_equal[provinces_reportingOnly__aggregate_caseWeighted]: equal weights, nothing estimated; 6 members at 0.167 each, 4 of them required baselines -> /Users/geirksa_1_2_3/ai/special-purpose vaults/ReprodicbleAgenticAiCase/analysis/03_models/03_candidate/c_ensemble/01_weighting/a_equal/results/provinces_reportingOnly__aggregate_caseWeighted
  a_hierNB: assembling its configuration under 'provinces_reportingOnly__aggregate_caseWeighted'
    01_observation: ['c_hurdle'] already chosen under 'main'
    02_covariates: ['c_climateFree'] already chosen under 'main'
    03_population: ['a_offset'] already chosen under 'main'
    04_fitTime: ['a_trainOnly'] already chosen under 'main'
    05_autoregressive: ['a_none'] already chosen under 'main'
    06_yearVariance: ['b_provinceScaled'] already chosen under 'main'
    candidate[provinces_reportingOnly__aggregate_caseWeighted]: {'observation': 'c_hurdle', 'covariates': 'c_climateFree', 'population': 'a_offset', 'fit_time': 'a_trainOnly', 'autoregressive': 'a_none', 'year_variance': 'b_provinceScaled'}, covariates [], seed 849487747; taken here: [] -> /Users/geirksa_1_2_3/ai/special-purpose vaults/ReprodicbleAgenticAiCase/analysis/03_models/03_candidate/a_hierNB/results/provinces_reportingOnly__aggregate_caseWeighted
  b_boosted: assembling its configuration under 'provinces_reportingOnly__aggregate_caseWeighted'
    01_features: ['a_lagBlock'] already chosen under 'main'
    02_head: ['a_negBinomial'] already chosen under 'main'
    boosted[provinces_reportingOnly__aggregate_caseWeighted]: {'features': 'a_lagBlock', 'head': 'a_negBinomial'}, covariates ['rainfall', 'mean_temperature', 'mean_relative_humidity'], seed 1877199108; taken here: [] -> /Users/geirksa_1_2_3/ai/special-purpose vaults/ReprodicbleAgenticAiCase/analysis/03_models/03_candidate/b_boosted/results/provinces_reportingOnly__aggregate_caseWeighted
ensemble members[provinces_reportingOnly__aggregate_caseWeighted]: 4 — persistence, climatology, hier_nb, boosted; covariates ['rainfall', 'mean_temperature', 'mean_relative_humidity'] -> /Users/geirksa_1_2_3/ai/special-purpose vaults/ReprodicbleAgenticAiCase/analysis/03_models/03_candidate/c_ensemble/results/provinces_reportingOnly__aggregate_caseWeighted/members.json; not on this combination's path: ['analysis/03_models/01_baselines/01_persistence/b_negBinomialFloor/scripts/persistence_model', 'analysis/03_models/01_baselines/02_climatology/b_frozenWindow/scripts/climatology_model']
ensemble[provinces_reportingOnly__aggregate_caseWeighted]: {'weighting': 'a_equal'}, 4 members, covariates ['rainfall', 'mean_temperature', 'mean_relative_humidity'], seed 1648567750; taken here: ['weighting=a_equal'] -> /Users/geirksa_1_2_3/ai/special-purpose vaults/ReprodicbleAgenticAiCase/analysis/03_models/03_candidate/c_ensemble/results/provinces_reportingOnly__aggregate_caseWeighted
ensemble[provinces_reportingOnly__aggregate_caseWeighted]: 69 s (8.6 s/split) -> /Users/geirksa_1_2_3/ai/special-purpose vaults/ReprodicbleAgenticAiCase/analysis/03_models/03_candidate/c_ensemble/results/provinces_reportingOnly__aggregate_caseWeighted
pool check[provinces_reportingOnly__aggregate_caseWeighted]: 18.843 as run; reconstruction not done, no stored evaluation of ['boosted'] under the configuration the pool gave them -> /Users/geirksa_1_2_3/ai/special-purpose vaults/ReprodicbleAgenticAiCase/analysis/03_models/03_candidate/c_ensemble/results/provinces_reportingOnly__aggregate_caseWeighted/pool_check.json

$ collect: bash /Users/geirksa_1_2_3/ai/special-purpose vaults/ReprodicbleAgenticAiCase/analysis/04_score/01_collect/run.sh
collect[provinces_reportingOnly__aggregate_caseWeighted]: 8 model rows, 2968 cells, 16 locations -> /Users/geirksa_1_2_3/ai/special-purpose vaults/ReprodicbleAgenticAiCase/analysis/04_score/01_collect/results/provinces_reportingOnly__aggregate_caseWeighted

$ aggregate/c_caseWeighted: bash /Users/geirksa_1_2_3/ai/special-purpose vaults/ReprodicbleAgenticAiCase/analysis/04_score/02_aggregate/c_caseWeighted/run.sh
aggregate/c_caseWeighted[provinces_reportingOnly__aggregate_caseWeighted]: 8 models over 371 cells, cases; best persistence at CRPS 86.598

$ compare: bash /Users/geirksa_1_2_3/ai/special-purpose vaults/ReprodicbleAgenticAiCase/analysis/04_score/03_compare/run.sh
compare[provinces_reportingOnly__aggregate_caseWeighted]: 8 leaderboard rows; reference CRPS 107.078 over 371 cells, cases
  persistence    diff  -20.479  se(split-clustered) 20.097  skill +0.191  wins 47% of cells
  ensemble       diff  -17.798  se(split-clustered) 11.356  skill +0.166  wins 41% of cells
  climatology    diff   -4.179  se(split-clustered) 5.781  skill +0.039  wins 49% of cells
  noise floor (reference vs its own repeats): largest |mean diff| 1.846
fig_accuracy_and_spread.png -> /Users/geirksa_1_2_3/ai/special-purpose vaults/ReprodicbleAgenticAiCase/analysis/04_score/03_compare/results/provinces_reportingOnly__aggregate_caseWeighted
fig_crps_by_location.png -> /Users/geirksa_1_2_3/ai/special-purpose vaults/ReprodicbleAgenticAiCase/analysis/04_score/03_compare/results/provinces_reportingOnly__aggregate_caseWeighted
fig_paired_vs_reference.png -> /Users/geirksa_1_2_3/ai/special-purpose vaults/ReprodicbleAgenticAiCase/analysis/04_score/03_compare/results/provinces_reportingOnly__aggregate_caseWeighted

$ conclude: /Users/geirksa_1_2_3/ai/special-purpose vaults/ReprodicbleAgenticAiCase/environment/chapenv/bin/python /Users/geirksa_1_2_3/ai/special-purpose vaults/ReprodicbleAgenticAiCase/analysis/scripts/conclude.py
conclusion[provinces_reportingOnly__aggregate_caseWeighted]: ensemble CRPS 89.279 vs reference 107.078 -> skill +0.1662
