# provinces_reportingOnly__weighting_crpsWeighted [pair] base=main

$ popColumn/a_static: bash /Users/geirksa_1_2_3/ai/special-purpose vaults/ReprodicbleAgenticAiCase/analysis/02_setup/01_population/a_static/run.sh
population/a_static: 2592 rows, constant per province True -> /Users/geirksa_1_2_3/ai/special-purpose vaults/ReprodicbleAgenticAiCase/analysis/02_setup/01_population/a_static/results/provinces_reportingOnly__weighting_crpsWeighted

$ trainingWindow/a_from1998: bash /Users/geirksa_1_2_3/ai/special-purpose vaults/ReprodicbleAgenticAiCase/analysis/02_setup/02_trainingWindow/a_from1998/run.sh
trainingWindow/a_from1998: 2592 -> 2592 rows (1998-01..2009-12)

$ provinces/b_reportingOnly: bash /Users/geirksa_1_2_3/ai/special-purpose vaults/ReprodicbleAgenticAiCase/analysis/02_setup/03_provinces/b_reportingOnly/run.sh
provinces/b_reportingOnly: removed ['LA-VI', 'LA-XN']; 16 provinces, 2304 rows, 371 cells expected

$ retrain/a_once: bash /Users/geirksa_1_2_3/ai/special-purpose vaults/ReprodicbleAgenticAiCase/analysis/02_setup/04_retrain/a_once/run.sh
retrain/a_once: n_retrain=1, 2304 rows pass through

$ assemble_setup: /Users/geirksa_1_2_3/ai/special-purpose vaults/ReprodicbleAgenticAiCase/environment/chapenv/bin/python /Users/geirksa_1_2_3/ai/special-purpose vaults/ReprodicbleAgenticAiCase/analysis/02_setup/scripts/assemble_setup.py
setup[provinces_reportingOnly__weighting_crpsWeighted]: 2304 rows, 16 locations, 1998-01..2009-12, flags {'n_periods': 3, 'n_splits': 8, 'stride': 3, 'n_retrain': 1}, choices {'population': 'a_static', 'trainingWindow': 'a_from1998', 'provinces': 'b_reportingOnly', 'retrain': 'a_once'}

$ persistence/a_empiricalChange: bash /Users/geirksa_1_2_3/ai/special-purpose vaults/ReprodicbleAgenticAiCase/analysis/03_models/01_baselines/01_persistence/a_empiricalChange/run.sh
persistence[provinces_reportingOnly__weighting_crpsWeighted]: 22 s (2.8 s/split) -> /Users/geirksa_1_2_3/ai/special-purpose vaults/ReprodicbleAgenticAiCase/analysis/03_models/01_baselines/01_persistence/a_empiricalChange/results/provinces_reportingOnly__weighting_crpsWeighted

$ climatology/a_expandingWindow: bash /Users/geirksa_1_2_3/ai/special-purpose vaults/ReprodicbleAgenticAiCase/analysis/03_models/01_baselines/02_climatology/a_expandingWindow/run.sh
climatology[provinces_reportingOnly__weighting_crpsWeighted]: 18 s (2.3 s/split) -> /Users/geirksa_1_2_3/ai/special-purpose vaults/ReprodicbleAgenticAiCase/analysis/03_models/01_baselines/02_climatology/a_expandingWindow/results/provinces_reportingOnly__weighting_crpsWeighted

$ reference: bash /Users/geirksa_1_2_3/ai/special-purpose vaults/ReprodicbleAgenticAiCase/analysis/03_models/02_reference/run.sh
reference repeat 1 of 4
reference repeat 2 of 4
  repeat 2 attempt 1 crashed; retrying
reference repeat 3 of 4
reference repeat 4 of 4
  repeat 4 attempt 1 crashed; retrying
reference[provinces_reportingOnly__weighting_crpsWeighted]: 4 repeats, 970 s total (30.3 s/split) -> /Users/geirksa_1_2_3/ai/special-purpose vaults/ReprodicbleAgenticAiCase/analysis/03_models/02_reference/results/provinces_reportingOnly__weighting_crpsWeighted

$ weighting/b_crpsWeighted: bash /Users/geirksa_1_2_3/ai/special-purpose vaults/ReprodicbleAgenticAiCase/analysis/03_models/03_candidate/c_ensemble/01_weighting/b_crpsWeighted/run.sh
weighting/b_crpsWeighted[provinces_reportingOnly__weighting_crpsWeighted]: minimum-CRPS weights on 4 blocks of 3 months held back inside the training frame, 200 draws per member per cell -> /Users/geirksa_1_2_3/ai/special-purpose vaults/ReprodicbleAgenticAiCase/analysis/03_models/03_candidate/c_ensemble/01_weighting/b_crpsWeighted/results/provinces_reportingOnly__weighting_crpsWeighted

$ prepare_members: /Users/geirksa_1_2_3/ai/special-purpose vaults/ReprodicbleAgenticAiCase/environment/chapenv/bin/python /Users/geirksa_1_2_3/ai/special-purpose vaults/ReprodicbleAgenticAiCase/analysis/03_models/03_candidate/c_ensemble/scripts/prepare_members.py
  a_hierNB: assembling its configuration under 'provinces_reportingOnly__weighting_crpsWeighted'
    01_observation: ['c_hurdle'] already chosen under 'main'
    02_covariates: ['c_climateFree'] already chosen under 'main'
    03_population: ['a_offset'] already chosen under 'main'
    04_fitTime: ['a_trainOnly'] already chosen under 'main'
    05_autoregressive: ['a_none'] already chosen under 'main'
    06_yearVariance: ['b_provinceScaled'] already chosen under 'main'
    candidate[provinces_reportingOnly__weighting_crpsWeighted]: {'observation': 'c_hurdle', 'covariates': 'c_climateFree', 'population': 'a_offset', 'fit_time': 'a_trainOnly', 'autoregressive': 'a_none', 'year_variance': 'b_provinceScaled'}, covariates [], seed 849487747; taken here: [] -> /Users/geirksa_1_2_3/ai/special-purpose vaults/ReprodicbleAgenticAiCase/analysis/03_models/03_candidate/a_hierNB/results/provinces_reportingOnly__weighting_crpsWeighted
  b_boosted: assembling its configuration under 'provinces_reportingOnly__weighting_crpsWeighted'
    01_features: ['a_lagBlock'] already chosen under 'main'
    02_head: ['a_negBinomial'] already chosen under 'main'
    boosted[provinces_reportingOnly__weighting_crpsWeighted]: {'features': 'a_lagBlock', 'head': 'a_negBinomial'}, covariates ['rainfall', 'mean_temperature', 'mean_relative_humidity'], seed 1877199108; taken here: [] -> /Users/geirksa_1_2_3/ai/special-purpose vaults/ReprodicbleAgenticAiCase/analysis/03_models/03_candidate/b_boosted/results/provinces_reportingOnly__weighting_crpsWeighted
ensemble members[provinces_reportingOnly__weighting_crpsWeighted]: 4 — persistence, climatology, hier_nb, boosted; covariates ['rainfall', 'mean_temperature', 'mean_relative_humidity'] -> /Users/geirksa_1_2_3/ai/special-purpose vaults/ReprodicbleAgenticAiCase/analysis/03_models/03_candidate/c_ensemble/results/provinces_reportingOnly__weighting_crpsWeighted/members.json; not on this combination's path: ['analysis/03_models/01_baselines/01_persistence/b_negBinomialFloor/scripts/persistence_model', 'analysis/03_models/01_baselines/02_climatology/b_frozenWindow/scripts/climatology_model']

$ assemble_candidate_config: /Users/geirksa_1_2_3/ai/special-purpose vaults/ReprodicbleAgenticAiCase/environment/chapenv/bin/python /Users/geirksa_1_2_3/ai/special-purpose vaults/ReprodicbleAgenticAiCase/analysis/03_models/03_candidate/c_ensemble/scripts/assemble_candidate_config.py
ensemble[provinces_reportingOnly__weighting_crpsWeighted]: {'weighting': 'b_crpsWeighted'}, 4 members, covariates ['rainfall', 'mean_temperature', 'mean_relative_humidity'], seed 1648567750; taken here: ['weighting=b_crpsWeighted'] -> /Users/geirksa_1_2_3/ai/special-purpose vaults/ReprodicbleAgenticAiCase/analysis/03_models/03_candidate/c_ensemble/results/provinces_reportingOnly__weighting_crpsWeighted

$ run_ensemble: /Users/geirksa_1_2_3/ai/special-purpose vaults/ReprodicbleAgenticAiCase/environment/chapenv/bin/python /Users/geirksa_1_2_3/ai/special-purpose vaults/ReprodicbleAgenticAiCase/analysis/03_models/03_candidate/c_ensemble/scripts/run_ensemble.py
ensemble[provinces_reportingOnly__weighting_crpsWeighted]: 87 s (10.9 s/split) -> /Users/geirksa_1_2_3/ai/special-purpose vaults/ReprodicbleAgenticAiCase/analysis/03_models/03_candidate/c_ensemble/results/provinces_reportingOnly__weighting_crpsWeighted

$ check_pool: /Users/geirksa_1_2_3/ai/special-purpose vaults/ReprodicbleAgenticAiCase/environment/chapenv/bin/python /Users/geirksa_1_2_3/ai/special-purpose vaults/ReprodicbleAgenticAiCase/analysis/03_models/03_candidate/c_ensemble/scripts/check_pool.py
pool check[provinces_reportingOnly__weighting_crpsWeighted]: 22.580 as run; reconstruction not done, no stored evaluation of ['boosted'] under the configuration the pool gave them -> /Users/geirksa_1_2_3/ai/special-purpose vaults/ReprodicbleAgenticAiCase/analysis/03_models/03_candidate/c_ensemble/results/provinces_reportingOnly__weighting_crpsWeighted/pool_check.json

$ collect: bash /Users/geirksa_1_2_3/ai/special-purpose vaults/ReprodicbleAgenticAiCase/analysis/04_score/01_collect/run.sh
collect[provinces_reportingOnly__weighting_crpsWeighted]: 8 model rows, 2968 cells, 16 locations -> /Users/geirksa_1_2_3/ai/special-purpose vaults/ReprodicbleAgenticAiCase/analysis/04_score/01_collect/results/provinces_reportingOnly__weighting_crpsWeighted

$ aggregate/a_unweighted: bash /Users/geirksa_1_2_3/ai/special-purpose vaults/ReprodicbleAgenticAiCase/analysis/04_score/02_aggregate/a_unweighted/run.sh
aggregate/a_unweighted[provinces_reportingOnly__weighting_crpsWeighted]: 8 models over 371 cells, unweighted; best ensemble at CRPS 22.580

$ compare: bash /Users/geirksa_1_2_3/ai/special-purpose vaults/ReprodicbleAgenticAiCase/analysis/04_score/03_compare/run.sh
compare[provinces_reportingOnly__weighting_crpsWeighted]: 8 leaderboard rows; reference CRPS 23.681 over 371 cells, unweighted
  ensemble       diff   -1.101  se(split-clustered) 1.299  skill +0.046  wins 41% of cells
  climatology    diff   +0.656  se(split-clustered) 1.362  skill -0.028  wins 49% of cells
  persistence    diff   +1.198  se(split-clustered) 2.252  skill -0.051  wins 46% of cells
  noise floor (reference vs its own repeats): largest |mean diff| 1.261
fig_accuracy_and_spread.png -> /Users/geirksa_1_2_3/ai/special-purpose vaults/ReprodicbleAgenticAiCase/analysis/04_score/03_compare/results/provinces_reportingOnly__weighting_crpsWeighted
fig_crps_by_location.png -> /Users/geirksa_1_2_3/ai/special-purpose vaults/ReprodicbleAgenticAiCase/analysis/04_score/03_compare/results/provinces_reportingOnly__weighting_crpsWeighted
fig_paired_vs_reference.png -> /Users/geirksa_1_2_3/ai/special-purpose vaults/ReprodicbleAgenticAiCase/analysis/04_score/03_compare/results/provinces_reportingOnly__weighting_crpsWeighted

$ conclude: /Users/geirksa_1_2_3/ai/special-purpose vaults/ReprodicbleAgenticAiCase/environment/chapenv/bin/python /Users/geirksa_1_2_3/ai/special-purpose vaults/ReprodicbleAgenticAiCase/analysis/scripts/conclude.py
conclusion[provinces_reportingOnly__weighting_crpsWeighted]: ensemble CRPS 22.580 vs reference 23.681 -> skill +0.0465
