# provinces_reportingOnly [setup] base=main

$ popColumn/a_static: bash /Users/geirksa_1_2_3/ai/special-purpose vaults/ReprodicbleAgenticAiCase/analysis/02_setup/01_population/a_static/run.sh
population/a_static: 2592 rows, constant per province True -> /Users/geirksa_1_2_3/ai/special-purpose vaults/ReprodicbleAgenticAiCase/analysis/02_setup/01_population/a_static/results/provinces_reportingOnly

$ trainingWindow/a_from1998: bash /Users/geirksa_1_2_3/ai/special-purpose vaults/ReprodicbleAgenticAiCase/analysis/02_setup/02_trainingWindow/a_from1998/run.sh
trainingWindow/a_from1998: 2592 -> 2592 rows (1998-01..2009-12)

$ provinces/b_reportingOnly: bash /Users/geirksa_1_2_3/ai/special-purpose vaults/ReprodicbleAgenticAiCase/analysis/02_setup/03_provinces/b_reportingOnly/run.sh
provinces/b_reportingOnly: removed ['LA-VI', 'LA-XN']; 16 provinces, 2304 rows, 371 cells expected

$ retrain/a_once: bash /Users/geirksa_1_2_3/ai/special-purpose vaults/ReprodicbleAgenticAiCase/analysis/02_setup/04_retrain/a_once/run.sh
retrain/a_once: n_retrain=1, 2304 rows pass through

$ assemble_setup: /Users/geirksa_1_2_3/ai/special-purpose vaults/ReprodicbleAgenticAiCase/environment/chapenv/bin/python /Users/geirksa_1_2_3/ai/special-purpose vaults/ReprodicbleAgenticAiCase/analysis/02_setup/scripts/assemble_setup.py
setup[provinces_reportingOnly]: 2304 rows, 16 locations, 1998-01..2009-12, flags {'n_periods': 3, 'n_splits': 8, 'stride': 3, 'n_retrain': 1}, choices {'population': 'a_static', 'trainingWindow': 'a_from1998', 'provinces': 'b_reportingOnly', 'retrain': 'a_once'}

$ persistence/a_empiricalChange: bash /Users/geirksa_1_2_3/ai/special-purpose vaults/ReprodicbleAgenticAiCase/analysis/03_models/01_baselines/01_persistence/a_empiricalChange/run.sh
persistence[provinces_reportingOnly]: 18 s (2.2 s/split) -> /Users/geirksa_1_2_3/ai/special-purpose vaults/ReprodicbleAgenticAiCase/analysis/03_models/01_baselines/01_persistence/a_empiricalChange/results/provinces_reportingOnly

$ climatology/a_expandingWindow: bash /Users/geirksa_1_2_3/ai/special-purpose vaults/ReprodicbleAgenticAiCase/analysis/03_models/01_baselines/02_climatology/a_expandingWindow/run.sh
climatology[provinces_reportingOnly]: 16 s (2.0 s/split) -> /Users/geirksa_1_2_3/ai/special-purpose vaults/ReprodicbleAgenticAiCase/analysis/03_models/01_baselines/02_climatology/a_expandingWindow/results/provinces_reportingOnly

$ reference: bash /Users/geirksa_1_2_3/ai/special-purpose vaults/ReprodicbleAgenticAiCase/analysis/03_models/02_reference/run.sh
reference repeat 1 of 4
reference repeat 2 of 4
reference repeat 3 of 4
reference repeat 4 of 4
chap eval failed (1); see /Users/geirksa_1_2_3/ai/special-purpose vaults/ReprodicbleAgenticAiCase/analysis/03_models/02_reference/results/provinces_reportingOnly/eval_repeat_4.log
