# weighting_crpsWeighted__aggregate_caseWeighted [pair] base=main

$ weighting/b_crpsWeighted: bash /Users/geirksa_1_2_3/ai/special-purpose vaults/ReprodicbleAgenticAiCase/analysis/03_models/03_candidate/c_ensemble/01_weighting/b_crpsWeighted/run.sh
weighting/b_crpsWeighted[weighting_crpsWeighted__aggregate_caseWeighted]: minimum-CRPS weights on 4 blocks of 3 months held back inside the training frame, 200 draws per member per cell -> /Users/geirksa_1_2_3/ai/special-purpose vaults/ReprodicbleAgenticAiCase/analysis/03_models/03_candidate/c_ensemble/01_weighting/b_crpsWeighted/results/weighting_crpsWeighted__aggregate_caseWeighted

$ prepare_members: /Users/geirksa_1_2_3/ai/special-purpose vaults/ReprodicbleAgenticAiCase/environment/chapenv/bin/python /Users/geirksa_1_2_3/ai/special-purpose vaults/ReprodicbleAgenticAiCase/analysis/03_models/03_candidate/c_ensemble/scripts/prepare_members.py
  a_hierNB: assembling its configuration under 'weighting_crpsWeighted__aggregate_caseWeighted'
    01_observation: ['c_hurdle'] already chosen under 'main'
    02_covariates: ['c_climateFree'] already chosen under 'main'
    03_population: ['a_offset'] already chosen under 'main'
    04_fitTime: ['a_trainOnly'] already chosen under 'main'
    05_autoregressive: ['a_none'] already chosen under 'main'
    06_yearVariance: ['b_provinceScaled'] already chosen under 'main'
    candidate[weighting_crpsWeighted__aggregate_caseWeighted]: {'observation': 'c_hurdle', 'covariates': 'c_climateFree', 'population': 'a_offset', 'fit_time': 'a_trainOnly', 'autoregressive': 'a_none', 'year_variance': 'b_provinceScaled'}, covariates [], seed 849487747; taken here: [] -> /Users/geirksa_1_2_3/ai/special-purpose vaults/ReprodicbleAgenticAiCase/analysis/03_models/03_candidate/a_hierNB/results/weighting_crpsWeighted__aggregate_caseWeighted
  b_boosted: assembling its configuration under 'weighting_crpsWeighted__aggregate_caseWeighted'
    01_features: ['a_lagBlock'] already chosen under 'main'
    02_head: ['a_negBinomial'] already chosen under 'main'
    boosted[weighting_crpsWeighted__aggregate_caseWeighted]: {'features': 'a_lagBlock', 'head': 'a_negBinomial'}, covariates ['rainfall', 'mean_temperature', 'mean_relative_humidity'], seed 1877199108; taken here: [] -> /Users/geirksa_1_2_3/ai/special-purpose vaults/ReprodicbleAgenticAiCase/analysis/03_models/03_candidate/b_boosted/results/weighting_crpsWeighted__aggregate_caseWeighted
ensemble members[weighting_crpsWeighted__aggregate_caseWeighted]: 4 — persistence, climatology, hier_nb, boosted; covariates ['rainfall', 'mean_temperature', 'mean_relative_humidity'] -> /Users/geirksa_1_2_3/ai/special-purpose vaults/ReprodicbleAgenticAiCase/analysis/03_models/03_candidate/c_ensemble/results/weighting_crpsWeighted__aggregate_caseWeighted/members.json; not on this combination's path: ['analysis/03_models/01_baselines/01_persistence/b_negBinomialFloor/scripts/persistence_model', 'analysis/03_models/01_baselines/02_climatology/b_frozenWindow/scripts/climatology_model']

$ assemble_candidate_config: /Users/geirksa_1_2_3/ai/special-purpose vaults/ReprodicbleAgenticAiCase/environment/chapenv/bin/python /Users/geirksa_1_2_3/ai/special-purpose vaults/ReprodicbleAgenticAiCase/analysis/03_models/03_candidate/c_ensemble/scripts/assemble_candidate_config.py
ensemble[weighting_crpsWeighted__aggregate_caseWeighted]: {'weighting': 'b_crpsWeighted'}, 4 members, covariates ['rainfall', 'mean_temperature', 'mean_relative_humidity'], seed 1648567750; taken here: ['weighting=b_crpsWeighted'] -> /Users/geirksa_1_2_3/ai/special-purpose vaults/ReprodicbleAgenticAiCase/analysis/03_models/03_candidate/c_ensemble/results/weighting_crpsWeighted__aggregate_caseWeighted

$ run_ensemble: /Users/geirksa_1_2_3/ai/special-purpose vaults/ReprodicbleAgenticAiCase/environment/chapenv/bin/python /Users/geirksa_1_2_3/ai/special-purpose vaults/ReprodicbleAgenticAiCase/analysis/03_models/03_candidate/c_ensemble/scripts/run_ensemble.py
ensemble[weighting_crpsWeighted__aggregate_caseWeighted]: 71 s (8.8 s/split) -> /Users/geirksa_1_2_3/ai/special-purpose vaults/ReprodicbleAgenticAiCase/analysis/03_models/03_candidate/c_ensemble/results/weighting_crpsWeighted__aggregate_caseWeighted

$ check_pool: /Users/geirksa_1_2_3/ai/special-purpose vaults/ReprodicbleAgenticAiCase/environment/chapenv/bin/python /Users/geirksa_1_2_3/ai/special-purpose vaults/ReprodicbleAgenticAiCase/analysis/03_models/03_candidate/c_ensemble/scripts/check_pool.py
pool check[weighting_crpsWeighted__aggregate_caseWeighted]: rebuilt 22.808 against 22.838 as run (difference -0.030); members boosted 20.771, hier_nb 23.698, climatology 24.337, persistence 24.879 -> /Users/geirksa_1_2_3/ai/special-purpose vaults/ReprodicbleAgenticAiCase/analysis/03_models/03_candidate/c_ensemble/results/weighting_crpsWeighted__aggregate_caseWeighted/pool_check.json

$ collect: bash /Users/geirksa_1_2_3/ai/special-purpose vaults/ReprodicbleAgenticAiCase/analysis/04_score/01_collect/run.sh
collect[weighting_crpsWeighted__aggregate_caseWeighted]: 8 model rows, 2968 cells, 16 locations -> /Users/geirksa_1_2_3/ai/special-purpose vaults/ReprodicbleAgenticAiCase/analysis/04_score/01_collect/results/weighting_crpsWeighted__aggregate_caseWeighted; inherited from main: ['climatology', 'persistence', 'reference', 'reference_r1', 'reference_r2', 'reference_r3', 'reference_r4']

$ aggregate/c_caseWeighted: bash /Users/geirksa_1_2_3/ai/special-purpose vaults/ReprodicbleAgenticAiCase/analysis/04_score/02_aggregate/c_caseWeighted/run.sh
aggregate/c_caseWeighted[weighting_crpsWeighted__aggregate_caseWeighted]: 8 models over 371 cells, cases; best persistence at CRPS 86.598

$ compare: bash /Users/geirksa_1_2_3/ai/special-purpose vaults/ReprodicbleAgenticAiCase/analysis/04_score/03_compare/run.sh
compare[weighting_crpsWeighted__aggregate_caseWeighted]: 8 leaderboard rows; reference CRPS 115.216 over 371 cells, cases
  persistence    diff  -28.618  se(split-clustered) 12.702  skill +0.248  wins 47% of cells
  climatology    diff  -12.317  se(split-clustered) 12.414  skill +0.107  wins 44% of cells
  ensemble       diff   -7.116  se(split-clustered) 12.899  skill +0.062  wins 41% of cells
  noise floor (reference vs its own repeats): largest |mean diff| 5.502
fig_accuracy_and_spread.png -> /Users/geirksa_1_2_3/ai/special-purpose vaults/ReprodicbleAgenticAiCase/analysis/04_score/03_compare/results/weighting_crpsWeighted__aggregate_caseWeighted
fig_crps_by_location.png -> /Users/geirksa_1_2_3/ai/special-purpose vaults/ReprodicbleAgenticAiCase/analysis/04_score/03_compare/results/weighting_crpsWeighted__aggregate_caseWeighted
fig_paired_vs_reference.png -> /Users/geirksa_1_2_3/ai/special-purpose vaults/ReprodicbleAgenticAiCase/analysis/04_score/03_compare/results/weighting_crpsWeighted__aggregate_caseWeighted

$ conclude: /Users/geirksa_1_2_3/ai/special-purpose vaults/ReprodicbleAgenticAiCase/environment/chapenv/bin/python /Users/geirksa_1_2_3/ai/special-purpose vaults/ReprodicbleAgenticAiCase/analysis/scripts/conclude.py
conclusion[weighting_crpsWeighted__aggregate_caseWeighted]: ensemble CRPS 108.100 vs reference 115.216 -> skill +0.0618
