# weighting_crpsWeighted [candidate] base=main

$ weighting/b_crpsWeighted: bash /Users/geirksa_1_2_3/ai/special-purpose vaults/ReprodicbleAgenticAiCase/analysis/03_models/03_candidate/c_ensemble/01_weighting/b_crpsWeighted/run.sh
weighting/b_crpsWeighted[weighting_crpsWeighted]: minimum-CRPS weights on 4 blocks of 3 months held back inside the training frame, 200 draws per member per cell -> /Users/geirksa_1_2_3/ai/special-purpose vaults/ReprodicbleAgenticAiCase/analysis/03_models/03_candidate/c_ensemble/01_weighting/b_crpsWeighted/results/weighting_crpsWeighted

$ prepare_members: /Users/geirksa_1_2_3/ai/special-purpose vaults/ReprodicbleAgenticAiCase/environment/chapenv/bin/python /Users/geirksa_1_2_3/ai/special-purpose vaults/ReprodicbleAgenticAiCase/analysis/03_models/03_candidate/c_ensemble/scripts/prepare_members.py
  a_hierNB: configuration already assembled under 'weighting_crpsWeighted'
  b_boosted: configuration already assembled under 'weighting_crpsWeighted'
ensemble members[weighting_crpsWeighted]: 4 — persistence, climatology, hier_nb, boosted; covariates ['rainfall', 'mean_temperature', 'mean_relative_humidity'] -> /Users/geirksa_1_2_3/ai/special-purpose vaults/ReprodicbleAgenticAiCase/analysis/03_models/03_candidate/c_ensemble/results/weighting_crpsWeighted/members.json; not on this combination's path: ['analysis/03_models/01_baselines/01_persistence/b_negBinomialFloor/scripts/persistence_model', 'analysis/03_models/01_baselines/02_climatology/b_frozenWindow/scripts/climatology_model']

$ assemble_candidate_config: /Users/geirksa_1_2_3/ai/special-purpose vaults/ReprodicbleAgenticAiCase/environment/chapenv/bin/python /Users/geirksa_1_2_3/ai/special-purpose vaults/ReprodicbleAgenticAiCase/analysis/03_models/03_candidate/c_ensemble/scripts/assemble_candidate_config.py
ensemble[weighting_crpsWeighted]: {'weighting': 'b_crpsWeighted'}, 4 members, covariates ['rainfall', 'mean_temperature', 'mean_relative_humidity'], seed 1648567750; taken here: ['weighting=b_crpsWeighted'] -> /Users/geirksa_1_2_3/ai/special-purpose vaults/ReprodicbleAgenticAiCase/analysis/03_models/03_candidate/c_ensemble/results/weighting_crpsWeighted

$ run_ensemble: /Users/geirksa_1_2_3/ai/special-purpose vaults/ReprodicbleAgenticAiCase/environment/chapenv/bin/python /Users/geirksa_1_2_3/ai/special-purpose vaults/ReprodicbleAgenticAiCase/analysis/03_models/03_candidate/c_ensemble/scripts/run_ensemble.py
ensemble[weighting_crpsWeighted]: 122 s (15.2 s/split) -> /Users/geirksa_1_2_3/ai/special-purpose vaults/ReprodicbleAgenticAiCase/analysis/03_models/03_candidate/c_ensemble/results/weighting_crpsWeighted

$ check_pool: /Users/geirksa_1_2_3/ai/special-purpose vaults/ReprodicbleAgenticAiCase/environment/chapenv/bin/python /Users/geirksa_1_2_3/ai/special-purpose vaults/ReprodicbleAgenticAiCase/analysis/03_models/03_candidate/c_ensemble/scripts/check_pool.py
pool check[weighting_crpsWeighted]: rebuilt 22.808 against 22.838 as run (difference -0.030); members boosted 20.771, hier_nb 23.698, climatology 24.337, persistence 24.879 -> /Users/geirksa_1_2_3/ai/special-purpose vaults/ReprodicbleAgenticAiCase/analysis/03_models/03_candidate/c_ensemble/results/weighting_crpsWeighted/pool_check.json

$ collect: bash /Users/geirksa_1_2_3/ai/special-purpose vaults/ReprodicbleAgenticAiCase/analysis/04_score/01_collect/run.sh
collect[weighting_crpsWeighted]: 8 model rows, 2968 cells, 16 locations -> /Users/geirksa_1_2_3/ai/special-purpose vaults/ReprodicbleAgenticAiCase/analysis/04_score/01_collect/results/weighting_crpsWeighted; inherited from main: ['climatology', 'persistence', 'reference', 'reference_r1', 'reference_r2', 'reference_r3', 'reference_r4']

$ aggregate/a_unweighted: bash /Users/geirksa_1_2_3/ai/special-purpose vaults/ReprodicbleAgenticAiCase/analysis/04_score/02_aggregate/a_unweighted/run.sh
aggregate/a_unweighted[weighting_crpsWeighted]: 8 models over 371 cells, unweighted; best reference_r4 at CRPS 21.820

$ compare: bash /Users/geirksa_1_2_3/ai/special-purpose vaults/ReprodicbleAgenticAiCase/analysis/04_score/03_compare/run.sh
compare[weighting_crpsWeighted]: 8 leaderboard rows; reference CRPS 22.098 over 371 cells, unweighted
  ensemble       diff   +0.740  se(split-clustered) 1.527  skill -0.033  wins 41% of cells
  climatology    diff   +2.238  se(split-clustered) 1.919  skill -0.101  wins 44% of cells
  persistence    diff   +2.781  se(split-clustered) 2.985  skill -0.126  wins 47% of cells
  noise floor (reference vs its own repeats): largest |mean diff| 0.565
fig_accuracy_and_spread.png -> /Users/geirksa_1_2_3/ai/special-purpose vaults/ReprodicbleAgenticAiCase/analysis/04_score/03_compare/results/weighting_crpsWeighted
fig_crps_by_location.png -> /Users/geirksa_1_2_3/ai/special-purpose vaults/ReprodicbleAgenticAiCase/analysis/04_score/03_compare/results/weighting_crpsWeighted
fig_paired_vs_reference.png -> /Users/geirksa_1_2_3/ai/special-purpose vaults/ReprodicbleAgenticAiCase/analysis/04_score/03_compare/results/weighting_crpsWeighted

$ conclude: /Users/geirksa_1_2_3/ai/special-purpose vaults/ReprodicbleAgenticAiCase/environment/chapenv/bin/python /Users/geirksa_1_2_3/ai/special-purpose vaults/ReprodicbleAgenticAiCase/analysis/scripts/conclude.py
conclusion[weighting_crpsWeighted]: ensemble CRPS 22.838 vs reference 22.098 -> skill -0.0335
